// Jest Snapshot v1, https://goo.gl/fbAQLP

exports[`Home renders homepage unchanged 1`] = `
<div>
  <main
    class="main"
  >
    <button
      class="button link"
    >
      Go to dashboard
    </button>
  </main>
</div>
`;
